// Jest Snapshot v1, https://goo.gl/fbAQLP

exports[`renders correctly 1`] = `
<a
  className="sc-bdVaJa dyBADs"
  onClick={[Function]}
  title="0x1234567891011"
>
  0x1234...1011
   
  <svg
    aria-label="Clone"
    className="StyledIcon-ofa7kd-0 fjELgu"
    viewBox="0 0 24 24"
  >
    <path
      d="M7,23 L23,23 L23,7 L7,7 L7,23 Z M17,3.9997 L17,0.9997 L14,0.9997 M1,13.9997 L1,16.9997 L4,16.9997 M1,11.9997 L1,5.9997 L1,11.9997 Z M4,0.9997 L1,0.9997 L1,3.9997 M6,0.9997 L12,0.9997 L6,0.9997 Z"
      fill="none"
      stroke="#000"
      strokeWidth="2"
    />
  </svg>
</a>
`;
