// Jest Snapshot v1, https://goo.gl/fbAQLP

exports[`renders correctly 1`] = `
<span>
  o134,144,000,000,000,000,000.000 CCC
</span>
`;
